// Jest Snapshot v1, https://goo.gl/fbAQLP

exports[`Home page test match snapshot 1`] = `
<main
  class="container"
>
  <h1
    class="title"
  >
    GitHub Repositories Search
  </h1>
  <p
    class="description"
  >
    Get started by using the search box...
  </p>
  <div
    class="toast-container position-absolute bottom-0 start-50 translate-middle-x"
  />
  <div
    class="container-fluid"
  >
    <div
      class="justify-content-center row"
    >
      <div
        class="col-sm-10"
      >
        <form
          class=""
        >
          <div
            class="justify-content-center my-3 input-group"
          >
            <div
              class="form-floating"
            >
              <input
                arial-label="search GitHub repositories"
                class="form-control"
                name="search"
                placeholder="Enter your search term"
              />
              <label>
                Enter search term
              </label>
            </div>
            <button
              class="btn btn-primary"
              type="submit"
            >
              Search
            </button>
          </div>
        </form>
      </div>
    </div>
  </div>
  <div
    class="container"
  >
    <div
      class="my-5 row"
    >
      <div
        class="col"
      >
        <div
          class="table-responsive"
        >
          <table
            class="table table-sm table-striped table-bordered table-hover"
          >
            <thead>
              <tr>
                <th>
                  Repo Name
                </th>
                <th>
                  Author Name
                </th>
                <th>
                  Stars
                </th>
              </tr>
            </thead>
            <tbody />
          </table>
        </div>
      </div>
    </div>
  </div>
  <div
    class="container"
  >
    <div
      class="row"
    >
      <div
        class="col"
      >
        <div
          class="btn-group"
          role="group"
        >
          <button
            class="border-3 border-white btn btn-primary"
            type="button"
          >
            &lt;
          </button>
          <button
            class="border-3 border-dark btn btn-outline-secondary"
            type="button"
          >
            &gt;
          </button>
        </div>
      </div>
    </div>
  </div>
  <footer
    class="text-center mt-5"
  >
    Powered by
     
    <span
      class="logo"
    >
      <span
        style="box-sizing: border-box; display: inline-block; overflow: hidden; background: none; opacity: 1; border: 0px; margin: 0px; padding: 0px; position: relative; max-width: 100%;"
      >
        <span
          style="box-sizing: border-box; display: block; background: none; opacity: 1; border: 0px; margin: 0px; padding: 0px; max-width: 100%;"
        >
          <img
            alt=""
            aria-hidden="true"
            src="data:image/svg+xml,%3csvg%20xmlns=%27http://www.w3.org/2000/svg%27%20version=%271.1%27%20width=%2772%27%20height=%2716%27/%3e"
            style="display: block; max-width: 100%; background: none; opacity: 1; border: 0px; margin: 0px; padding: 0px;"
          />
        </span>
        <img
          alt="Vercel Logo"
          data-nimg="intrinsic"
          decoding="async"
          src="data:image/gif;base64,R0lGODlhAQABAIAAAAAAAP///yH5BAEAAAAALAAAAAABAAEAAAIBRAA7"
          style="position: absolute; top: 0px; left: 0px; bottom: 0px; right: 0px; box-sizing: border-box; padding: 0px; margin: auto; display: block; width: 0px; height: 0px; min-width: 100%; max-width: 100%; min-height: 100%; max-height: 100%;"
        />
        <noscript />
      </span>
    </span>
    <div>
      Made by Ernest
    </div>
  </footer>
</main>
`;
